// Jest Snapshot v1, https://goo.gl/fbAQLP

exports[`ProfileStatus component status from props should been in the state 1`] = `
<div>
  <div>
    <span
      onClick={[Function]}
    >
      hello my friend
    </span>
  </div>
</div>
`;
